== ronda 1 portao=PASS 09:45:56
IT-T3-023   ROUTE_PROVEN      indice -> 18 links pelo motor -> https://terraevita.edagricole.it/agrofarmaci-difesa/ruggine-delle-drupacee-a-
IT-T5-056   ROUTE_PROVEN      indice -> 9 links pelo motor -> https://www.crea.gov.it/-/ricerca-agroalimentare-crea-e-inrae-rafforzano-l-ass
IT-T5-080   ROUTE_PROVEN      indice -> 41 links pelo motor -> https://creafuturo.crea.gov.it/351/ com 3939 caracteres em paragrafos (1 alvo
IT-T7-019   ROUTE_PROVEN      indice -> 20 links pelo motor -> https://lombardia.confagricoltura.it/news/home/103580/addio-ad-antonio-bianca
IT-T7-048   ROUTE_PROVEN      indice -> 37 links pelo motor -> http://www.caiagromec.it/node/3 com 1081 caracteres em paragrafos (2 alvo(s) 
IT-T7-049   ROUTE_PROVEN      indice -> 24 links pelo motor -> https://copagri.org/2026/09/23/giornata-europea-biologico/ com 4692 caractere
IT-T7-103   ROUTE_PROVEN      indice -> 11 links pelo motor -> https://www.confcooperative.it/LInformazione/Le-notizie/bce-gardini-171rialzo
IT-T7-125   ROUTE_PROVEN      indice -> 5 links pelo motor -> https://cia-puglia.it/2026/07/30/politica-parita-di-genere-cia-puglia/ com 129
IT-T7-139   ROUTE_PROVEN      indice -> 3 links pelo motor -> https://www.florovivaistiitaliani.it/inevidenza/buone-notizie-detrazione-per-i
IT-T7-163   ROUTE_PROVEN      indice -> 12 links pelo motor -> https://www.casalasco.com/it/news/consorzio-casalasco-del-pomodoro-cresce-anc
IT-T8-041   ROUTE_PROVEN      indice -> 6 links pelo motor -> https://vigneviniequalita.edagricole.it/attualita-news/al-via-il-decreto-per-l
IT-T5-101   UNKNOWN           robots ilegivel deste egresso: robots inacessivel apos 2 tentativas (URLError) — UNKNOWN, tratado como barrado
IT-T7-053   UNKNOWN           robots ilegivel deste egresso: robots inacessivel apos 2 tentativas (URLError) — UNKNOWN, tratado como barrado
IT-T7-058   UNKNOWN           robots ilegivel deste egresso: robots inacessivel apos 2 tentativas (URLError) — UNKNOWN, tratado como barrado
== ronda 2 portao=PASS 09:49:21
IT-T8-022   ROUTE_PROVEN      indice -> 2 links pelo motor -> https://terraevita.edagricole.it/frutticoltura/pera-dellemilia-romagna-igp-dal
IT-T5-111   ROUTE_PROVEN      indice -> 8 links pelo motor -> https://www.crea.gov.it/web/guest/-/notte-europea-dei-ricercatori-gli-appuntam
== ronda 3 portao=PASS 09:49:42
IT-T8-024   ROUTE_PROVEN      indice -> 19 links pelo motor -> https://terraevita.edagricole.it/seminativi/frumento-post-emergenza-sempre-pi
IT-T5-113   ROUTE_PROVEN      indice -> 4 links pelo motor -> https://www.crea.gov.it/web/cerealicoltura-e-colture-industriali/-/cardo-maria
== ronda 4 portao=PASS 09:50:03
IT-T8-042   ROUTE_PROVEN      indice -> 15 links pelo motor -> https://terraevita.edagricole.it/viticoltura/in-puglia-cantine-piene-i-piani-
== rondas acabadas 09:50:14
