Could not find platform independent libraries <prefix>
{
 "SYNTHETIC_CASE": {
  "N_ROWS": 131040,
  "N_SEASONS": 21,
  "VALUE_MODE": "ORDINAL",
  "SCALE": {
   "9001": 0,
   "9002": 1,
   "9003": 2,
   "9004": 3
  },
  "ROWS_BY_MONTH": {
   "1": 12600,
   "2": 10080,
   "3": 10080,
   "4": 10080,
   "5": 12600,
   "6": 10080,
   "7": 10680,
   "8": 12000,
   "9": 10080,
   "10": 12600,
   "11": 10080,
   "12": 10080
  },
  "DESIGN": "identical weekly sampling in every province in every week of every season, incidence held near 0.33 with no trend"
 },
 "DAY_SWEEP_2026": {
  "N_DAYS_TESTED": 365,
  "N_DAYS_WINDOW_CROSSES_YEAR_BOUNDARY": 27,
  "CROSSING_DAYS_RANGE": [
   "2026-01-01",
   "2026-01-27"
  ],
  "ON_CROSSING_DAYS": {
   "N_CLASSED_min_max": [
    0,
    0
   ],
   "N_UNKNOWN_NO_BASELINE_min_max": [
    10,
    10
   ],
   "MEDIAN_BASELINE_N_min_max": [
    0,
    0
   ]
  },
  "ON_NON_CROSSING_DAYS": {
   "N_CLASSED_min_max": [
    10,
    10
   ],
   "N_UNKNOWN_NO_BASELINE_min_max": [
    0,
    0
   ],
   "MEDIAN_BASELINE_N_min_max": [
    20,
    20
   ]
  }
 },
 "SAMPLE_DAYS": {
  "2026-01-01": {
   "WINDOW": [
    "2025-12-05",
    "2026-01-01"
   ],
   "CROSSES_YEAR_BOUNDARY": true,
   "N_CLASSED": 0,
   "N_UNKNOWN_NO_BASELINE": 10,
   "N_UNKNOWN_NO_DATA": 0,
   "MEDIAN_BASELINE_N": 0
  },
  "2026-01-15": {
   "WINDOW": [
    "2025-12-19",
    "2026-01-15"
   ],
   "CROSSES_YEAR_BOUNDARY": true,
   "N_CLASSED": 0,
   "N_UNKNOWN_NO_BASELINE": 10,
   "N_UNKNOWN_NO_DATA": 0,
   "MEDIAN_BASELINE_N": 0
  },
  "2026-01-27": {
   "WINDOW": [
    "2025-12-31",
    "2026-01-27"
   ],
   "CROSSES_YEAR_BOUNDARY": true,
   "N_CLASSED": 0,
   "N_UNKNOWN_NO_BASELINE": 10,
   "N_UNKNOWN_NO_DATA": 0,
   "MEDIAN_BASELINE_N": 0
  },
  "2026-01-28": {
   "WINDOW": [
    "2026-01-01",
    "2026-01-28"
   ],
   "CROSSES_YEAR_BOUNDARY": false,
   "N_CLASSED": 10,
   "N_UNKNOWN_NO_BASELINE": 0,
   "N_UNKNOWN_NO_DATA": 0,
   "MEDIAN_BASELINE_N": 20
  },
  "2026-01-29": {
   "WINDOW": [
    "2026-01-02",
    "2026-01-29"
   ],
   "CROSSES_YEAR_BOUNDARY": false,
   "N_CLASSED": 10,
   "N_UNKNOWN_NO_BASELINE": 0,
   "N_UNKNOWN_NO_DATA": 0,
   "MEDIAN_BASELINE_N": 20
  },
  "2026-02-15": {
   "WINDOW": [
    "2026-01-19",
    "2026-02-15"
   ],
   "CROSSES_YEAR_BOUNDARY": false,
   "N_CLASSED": 10,
   "N_UNKNOWN_NO_BASELINE": 0,
   "N_UNKNOWN_NO_DATA": 0,
   "MEDIAN_BASELINE_N": 20
  },
  "2026-07-15": {
   "WINDOW": [
    "2026-06-18",
    "2026-07-15"
   ],
   "CROSSES_YEAR_BOUNDARY": false,
   "N_CLASSED": 10,
   "N_UNKNOWN_NO_BASELINE": 0,
   "N_UNKNOWN_NO_DATA": 0,
   "MEDIAN_BASELINE_N": 20
  },
  "2026-12-31": {
   "WINDOW": [
    "2026-12-04",
    "2026-12-31"
   ],
   "CROSSES_YEAR_BOUNDARY": false,
   "N_CLASSED": 10,
   "N_UNKNOWN_NO_BASELINE": 0,
   "N_UNKNOWN_NO_DATA": 0,
   "MEDIAN_BASELINE_N": 20
  }
 },
 "CELLS_LOST_TO_THE_CALENDAR": {
  "PROVINCE_DAYS_PUBLISHABLE_ON_NON_CROSSING_DAYS": 3380,
  "PROVINCE_DAYS_PUBLISHABLE_ON_CROSSING_DAYS": 0,
  "PROVINCE_DAYS_AVAILABLE_ON_CROSSING_DAYS": 270
 }
}
