Could not find platform independent libraries <prefix>
native  C=18 F={'OLIVO x BACTROCERA x TOSCANA': 0.924, 'VITE x OIDIO x TOSCANA': 0.596} G={'OLIVO x BACTROCERA x TOSCANA': 0.432, 'VITE x OIDIO x TOSCANA': 0.806}  [272s]
asc      C=18 F={'OLIVO x BACTROCERA x TOSCANA': 0.924, 'VITE x OIDIO x TOSCANA': 0.596} G={'OLIVO x BACTROCERA x TOSCANA': 0.432, 'VITE x OIDIO x TOSCANA': 0.806}  [110s]
desc     C=19 F={'OLIVO x BACTROCERA x TOSCANA': 0.924, 'VITE x OIDIO x TOSCANA': 0.596} G={'OLIVO x BACTROCERA x TOSCANA': 0.424, 'VITE x OIDIO x TOSCANA': 0.806}  [95s]
seed1    C=19 F={'OLIVO x BACTROCERA x TOSCANA': 0.924, 'VITE x OIDIO x TOSCANA': 0.596} G={'OLIVO x BACTROCERA x TOSCANA': 0.424, 'VITE x OIDIO x TOSCANA': 0.806}  [123s]
seed2    C=19 F={'OLIVO x BACTROCERA x TOSCANA': 0.924, 'VITE x OIDIO x TOSCANA': 0.596} G={'OLIVO x BACTROCERA x TOSCANA': 0.432, 'VITE x OIDIO x TOSCANA': 0.806}  [123s]
seed3    C=18 F={'OLIVO x BACTROCERA x TOSCANA': 0.924, 'VITE x OIDIO x TOSCANA': 0.596} G={'OLIVO x BACTROCERA x TOSCANA': 0.432, 'VITE x OIDIO x TOSCANA': 0.806}  [110s]
seed4    C=18 F={'OLIVO x BACTROCERA x TOSCANA': 0.918, 'VITE x OIDIO x TOSCANA': 0.596} G={'OLIVO x BACTROCERA x TOSCANA': 0.424, 'VITE x OIDIO x TOSCANA': 0.806}  [100s]
seed5    C=19 F={'OLIVO x BACTROCERA x TOSCANA': 0.924, 'VITE x OIDIO x TOSCANA': 0.596} G={'OLIVO x BACTROCERA x TOSCANA': 0.439, 'VITE x OIDIO x TOSCANA': 0.806}  [95s]
seed6    C=19 F={'OLIVO x BACTROCERA x TOSCANA': 0.924, 'VITE x OIDIO x TOSCANA': 0.596} G={'OLIVO x BACTROCERA x TOSCANA': 0.432, 'VITE x OIDIO x TOSCANA': 0.806}  [91s]
seed7    C=18 F={'OLIVO x BACTROCERA x TOSCANA': 0.924, 'VITE x OIDIO x TOSCANA': 0.596} G={'OLIVO x BACTROCERA x TOSCANA': 0.455, 'VITE x OIDIO x TOSCANA': 0.806}  [93s]
seed8    C=18 F={'OLIVO x BACTROCERA x TOSCANA': 0.924, 'VITE x OIDIO x TOSCANA': 0.596} G={'OLIVO x BACTROCERA x TOSCANA': 0.432, 'VITE x OIDIO x TOSCANA': 0.806}  [88s]
seed9    C=19 F={'OLIVO x BACTROCERA x TOSCANA': 0.924, 'VITE x OIDIO x TOSCANA': 0.596} G={'OLIVO x BACTROCERA x TOSCANA': 0.432, 'VITE x OIDIO x TOSCANA': 0.806}  [91s]
seed10   C=19 F={'OLIVO x BACTROCERA x TOSCANA': 0.918, 'VITE x OIDIO x TOSCANA': 0.596} G={'OLIVO x BACTROCERA x TOSCANA': 0.439, 'VITE x OIDIO x TOSCANA': 0.806}  [87s]
seed11   C=18 F={'OLIVO x BACTROCERA x TOSCANA': 0.918, 'VITE x OIDIO x TOSCANA': 0.596} G={'OLIVO x BACTROCERA x TOSCANA': 0.439, 'VITE x OIDIO x TOSCANA': 0.806}  [87s]
seed12   C=18 F={'OLIVO x BACTROCERA x TOSCANA': 0.924, 'VITE x OIDIO x TOSCANA': 0.596} G={'OLIVO x BACTROCERA x TOSCANA': 0.439, 'VITE x OIDIO x TOSCANA': 0.806}  [86s]
seed13   C=18 F={'OLIVO x BACTROCERA x TOSCANA': 0.924, 'VITE x OIDIO x TOSCANA': 0.596} G={'OLIVO x BACTROCERA x TOSCANA': 0.432, 'VITE x OIDIO x TOSCANA': 0.806}  [87s]
seed14   C=19 F={'OLIVO x BACTROCERA x TOSCANA': 0.918, 'VITE x OIDIO x TOSCANA': 0.596} G={'OLIVO x BACTROCERA x TOSCANA': 0.417, 'VITE x OIDIO x TOSCANA': 0.806}  [84s]
seed15   C=19 F={'OLIVO x BACTROCERA x TOSCANA': 0.918, 'VITE x OIDIO x TOSCANA': 0.596} G={'OLIVO x BACTROCERA x TOSCANA': 0.424, 'VITE x OIDIO x TOSCANA': 0.806}  [79s]
seed16   C=18 F={'OLIVO x BACTROCERA x TOSCANA': 0.924, 'VITE x OIDIO x TOSCANA': 0.596} G={'OLIVO x BACTROCERA x TOSCANA': 0.447, 'VITE x OIDIO x TOSCANA': 0.806}  [80s]
seed17   C=19 F={'OLIVO x BACTROCERA x TOSCANA': 0.924, 'VITE x OIDIO x TOSCANA': 0.596} G={'OLIVO x BACTROCERA x TOSCANA': 0.432, 'VITE x OIDIO x TOSCANA': 0.806}  [83s]
seed18   C=19 F={'OLIVO x BACTROCERA x TOSCANA': 0.918, 'VITE x OIDIO x TOSCANA': 0.596} G={'OLIVO x BACTROCERA x TOSCANA': 0.424, 'VITE x OIDIO x TOSCANA': 0.806}  [81s]
seed19   C=18 F={'OLIVO x BACTROCERA x TOSCANA': 0.918, 'VITE x OIDIO x TOSCANA': 0.596} G={'OLIVO x BACTROCERA x TOSCANA': 0.439, 'VITE x OIDIO x TOSCANA': 0.806}  [81s]
seed20   C=19 F={'OLIVO x BACTROCERA x TOSCANA': 0.918, 'VITE x OIDIO x TOSCANA': 0.596} G={'OLIVO x BACTROCERA x TOSCANA': 0.417, 'VITE x OIDIO x TOSCANA': 0.806}  [80s]
seed21   C=19 F={'OLIVO x BACTROCERA x TOSCANA': 0.918, 'VITE x OIDIO x TOSCANA': 0.596} G={'OLIVO x BACTROCERA x TOSCANA': 0.424, 'VITE x OIDIO x TOSCANA': 0.806}  [81s]
seed22   C=18 F={'OLIVO x BACTROCERA x TOSCANA': 0.918, 'VITE x OIDIO x TOSCANA': 0.596} G={'OLIVO x BACTROCERA x TOSCANA': 0.432, 'VITE x OIDIO x TOSCANA': 0.806}  [81s]
seed23   C=19 F={'OLIVO x BACTROCERA x TOSCANA': 0.924, 'VITE x OIDIO x TOSCANA': 0.596} G={'OLIVO x BACTROCERA x TOSCANA': 0.432, 'VITE x OIDIO x TOSCANA': 0.806}  [81s]
seed24   C=18 F={'OLIVO x BACTROCERA x TOSCANA': 0.918, 'VITE x OIDIO x TOSCANA': 0.596} G={'OLIVO x BACTROCERA x TOSCANA': 0.432, 'VITE x OIDIO x TOSCANA': 0.806}  [81s]
seed25   C=19 F={'OLIVO x BACTROCERA x TOSCANA': 0.918, 'VITE x OIDIO x TOSCANA': 0.596} G={'OLIVO x BACTROCERA x TOSCANA': 0.432, 'VITE x OIDIO x TOSCANA': 0.806}  [81s]
seed26   C=19 F={'OLIVO x BACTROCERA x TOSCANA': 0.918, 'VITE x OIDIO x TOSCANA': 0.596} G={'OLIVO x BACTROCERA x TOSCANA': 0.432, 'VITE x OIDIO x TOSCANA': 0.806}  [74s]
seed27   C=19 F={'OLIVO x BACTROCERA x TOSCANA': 0.918, 'VITE x OIDIO x TOSCANA': 0.596} G={'OLIVO x BACTROCERA x TOSCANA': 0.432, 'VITE x OIDIO x TOSCANA': 0.806}  [73s]
seed28   C=19 F={'OLIVO x BACTROCERA x TOSCANA': 0.918, 'VITE x OIDIO x TOSCANA': 0.596} G={'OLIVO x BACTROCERA x TOSCANA': 0.424, 'VITE x OIDIO x TOSCANA': 0.806}  [74s]
seed29   C=18 F={'OLIVO x BACTROCERA x TOSCANA': 0.924, 'VITE x OIDIO x TOSCANA': 0.596} G={'OLIVO x BACTROCERA x TOSCANA': 0.439, 'VITE x OIDIO x TOSCANA': 0.806}  [75s]
seed30   C=19 F={'OLIVO x BACTROCERA x TOSCANA': 0.918, 'VITE x OIDIO x TOSCANA': 0.596} G={'OLIVO x BACTROCERA x TOSCANA': 0.439, 'VITE x OIDIO x TOSCANA': 0.806}  [79s]

DISTINCT OLIVO  C: [18, 19]  F: [0.918, 0.924]  G: [0.417, 0.424, 0.432, 0.439, 0.447, 0.455]
DISTINCT VITE   F: [0.596]  G: [0.806]
COMMITTED HIT  : {'GATE_C_19': True, 'GATE_F_OLIVO_0.918': True, 'GATE_G_OLIVO_0.424': True, 'GATE_F_VITE_0.596': True, 'GATE_G_VITE_0.806': True}
ORDERS HITTING ALL THREE OLIVO VALUES: ['seed15', 'seed18', 'seed21', 'seed28']
wrote C:\cert-v2-disease-pressure\data\experiments\DISEASE-INTELLIGENCE-ITALY\CERT-V2\REDTEAM\rt5_p4_order.json
