Could not find platform independent libraries <prefix>
{
 "ENTRADAS": {
  "RAW_LINHAS": 1562,
  "CONTEUDOS_DISTINTOS": 1246,
  "DERIVADOS": 1063,
  "SALA_LINHAS": 94,
  "LIVROS_LIDOS": 177,
  "OBSERVACOES_COM_SHA": 1488,
  "RAIZES": [
   "C:/Users/London1/sintonia-sala-italia/armazem",
   "C:/Users/London1/orca/workspaces/eame-sintonia/bc4-correcoes-v1",
   "C:/Users/London1/orca/workspaces/eame-sintonia/canario-e2e-t5",
   "C:/Users/London1/orca/workspaces/eame-sintonia/collection-op-persist",
   "C:/Users/London1/orca/workspaces/eame-sintonia/crop-e2e-v1",
   "C:/Users/London1/orca/workspaces/eame-sintonia/curator-04a-integration",
   "C:/Users/London1/orca/workspaces/eame-sintonia/cutover-v2",
   "C:/Users/London1/orca/workspaces/eame-sintonia/diagnostico-sala-v1",
   "C:/Users/London1/orca/workspaces/eame-sintonia/discovery-sementes-v1",
   "C:/Users/London1/orca/workspaces/eame-sintonia/duas-portas-v1",
   "C:/Users/London1/orca/workspaces/eame-sintonia/house-guard-fix",
   "C:/Users/London1/orca/workspaces/eame-sintonia/ig-public-audio",
   "C:/Users/London1/orca/workspaces/eame-sintonia/it-collection-sala",
   "C:/Users/London1/orca/workspaces/eame-sintonia/it-source-collection-readiness-v1",
   "C:/Users/London1/orca/workspaces/eame-sintonia/it-trunk-v1",
   "C:/Users/London1/orca/workspaces/eame-sintonia/linkedin-media-v1",
   "C:/Users/London1/orca/workspaces/eame-sintonia/lote-76-v1",
   "C:/Users/London1/orca/workspaces/eame-sintonia/paridade-v1",
   "C:/Users/London1/orca/workspaces/eame-sintonia/ponte-curador-v1",
   "C:/Users/London1/orca/workspaces/eame-sintonia/recollection-v1",
   "C:/Users/London1/orca/workspaces/eame-sintonia/sala-aguenta-v1",
   "C:/Users/London1/orca/workspaces/eame-sintonia/scrap-linkedin-v1",
   "C:/Users/London1/orca/workspaces/eame-sintonia/scrap-portas-v1",
   "C:/Users/London1/orca/workspaces/eame-sintonia/social-acq-v1",
   "C:/Users/London1/orca/workspaces/eame-sintonia/social-prontidao-v1",
   "C:/Users/London1/orca/workspaces/eame-sintonia/source-curator-service-v1",
   "C:/Users/London1/orca/workspaces/eame-sintonia/unificacao-v1-f",
   "C:/Users/London1/orca/workspaces/eame-sintonia/yt-capability-v1",
   "C:/Users/London1/orca/workspaces/eame-sintonia/yt-free-route",
   "C:/base6ea",
   "C:/regua-t2-base"
  ],
  "BYTES_ACHADOS_POR_RAIZ": {
   "C:/Users/London1/sintonia-sala-italia/armazem": 1058,
   "C:/Users/London1/orca/workspaces/eame-sintonia/duas-portas-v1": 85,
   "C:/Users/London1/orca/workspaces/eame-sintonia/lote-76-v1": 74,
   "C:/Users/London1/orca/workspaces/eame-sintonia/it-trunk-v1": 4,
   "C:/Users/London1/orca/workspaces/eame-sintonia/canario-e2e-t5": 1
  }
 },
 "SALA": {
  "CONTEUDOS": 88,
  "LINHAS_RAW": 149,
  "COM_BYTES": 87,
  "COM_TEXTO": 88,
  "COM_LIVRO": 88,
  "GANHA_PUBLICACAO": 44,
  "GANHA_LOCAL_DA_FONTE": 4,
  "GANHA_DATA_DO_FATO": 20,
  "GANHA_LOCAL_DO_FATO": 18,
  "DATA_DO_FATO_CALCULADA": 2,
  "PUBLICACAO_EM_CONFLITO": 0,
  "POR_TIPO_DE_MEDIA": {
   "text/html": 71,
   "application/pdf": 17
  }
 },
 "ACERVO_FORA_DA_SALA": {
  "CONTEUDOS": 1158,
  "LINHAS_RAW": 1413,
  "COM_BYTES": 1135,
  "COM_TEXTO": 969,
  "COM_LIVRO": 984,
  "GANHA_PUBLICACAO": 844,
  "GANHA_LOCAL_DA_FONTE": 11,
  "GANHA_DATA_DO_FATO": 66,
  "GANHA_LOCAL_DO_FATO": 79,
  "DATA_DO_FATO_CALCULADA": 0,
  "PUBLICACAO_EM_CONFLITO": 0,
  "POR_TIPO_DE_MEDIA": {
   "text/html": 953,
   "application/json": 172,
   "application/pdf": 30,
   "text/csv": 1,
   "video/mp4": 1,
   "audio/wav": 1
  }
 }
}
